
[TestCompose - 1]
"\x1b[42m\x1b[1m\x1b[4munderline + bold + bgGreen\x1b[24m\x1b[22m\x1b[49m"
---
